[dyno.gg/index.html]
[backblue.gif]
[fade.gif]
[index.html]
[dyno.gg/images/v3/favicon.png]
[pro.fontawesome.com/releases/v5.1.0/css/all.css]
[dyno.gg/css/app.26dd33b79d.css]
[dyno.gg/css/serverlist.26dd33b79d.css]
[www.googletagservices.com/tag/js/gpt.js]
[dyno.gg/js/react/homepage.26dd33b79d.js]
[cdn.dyno.gg/footer/logo@2x.png]
[cdn.dyno.gg/footer/discord.png]
[cdn.dyno.gg/footer/twitter.png]
[dyno.gg/cdn-cgi/l/email-protection.html]
[cdn.dyno.gg/footer/mail.png]
[dyno.gg/cdn-cgi/scripts/5c5dd728/cloudflare-static/email-decode.min.js]
[dyno.gg/bot.html]
[dyno.gg/servers.html]
[dyno.gg/commands.html]
[dyno.gg/docs/en/home.html]
[dyno.gg/premium.html]
[dyno.gg/discord.html]
[dyno.gg/terms.html]
[cdn.iubenda.com/iubenda.js]
[dyno.gg/js/vendor/jquery.js]
[dyno.gg/js/vendor/base64.min.js]
[dyno.gg/js/react/navbar.26dd33b79d.js]
[dyno.gg/index.html]
[pro.fontawesome.com/releases/v5.1.0/css/all.css]
[dyno.gg/js/app.26dd33b79d.js]
[www.paypalobjects.com/webstatic/en_US/i/buttons/PP_logo_h_100x26.png]
[dyno.gg/css/app.26dd33b79d.css]
[dyno.gg/css/serverlist.26dd33b79d.css]
[www.googletagmanager.com/gtm5445.html]
[dyno.gg/cdn-cgi/l/email-protection.html]
[dyno.gg/bot.html]
[dyno.gg/js/react/botpage.26dd33b79d.js]
[dyno.gg/servers.html]
[dyno.gg/js/react/serverListing.26dd33b79d.js]
[dyno.gg/css/pages/commands.26dd33b79d.css]
[dyno.gg/commands.html]
[dyno.gg/js/react/commands.26dd33b79d.js]
[dyno.gg/_assets/favicons/mstile-150x150.png]
[dyno.gg/_assets/favicons/apple-touch-icon.png]
[dyno.gg/_assets/favicons/android-chrome-192x192.png]
[dyno.gg/_assets/favicons/favicon-32x32.png]
[dyno.gg/_assets/favicons/favicon-16x16.png]
[dyno.gg/_assets/favicons/safari-pinned-tab.svg]
[dyno.gg/_assets/manifest.json]
[use.fontawesome.com/releases/v5.10.0/css/all.css]
[dyno.gg/_assets/css/app.657df69b59208bd55689.css]
[dyno.gg/_assets/js/runtimee19a.js]
[dyno.gg/invite.html]
[dyno.gg/docs/en/home.html]
[dyno.gg/en/team.html]
[dyno.gg/css/upgrade.26dd33b79d.css]
[cdn.dyno.gg/logos/yellow_premium.png]
[cdn.dyno.gg/logos/full_rainbow_premium.png]
[cdn.dyno.gg/logos/purple_premium.png]
[cdn.dyno.gg/logos/teal_premium.png]
[cdn.dyno.gg/logos/rainbow_premium.png]
[cdn.dyno.gg/logos/white_premium.png]
[cdn.dyno.gg/logos/green_premium.png]
[cdn.dyno.gg/logos/red_premium.png]
[dyno.gg/premium.html]
[dyno.gg/_assets/js/appe19a.js]
[dyno.gg/js/react/account.26dd33b79d.js]
[dyno.gg/images/v3/dyno-25608bb.jpg]
[dyno.gg/discord.html]
[dyno.gg/terms.html]
[dyno.gg/css/pages/commands.26dd33b79d.css]
[dyno.gg/_assets/favicons/safari-pinned-tab.svg]
[use.fontawesome.com/releases/v5.10.0/css/all.css]
[dyno.gg/_assets/fonts/KaTeX_AMS-Regular.woff2]
[dyno.gg/_assets/fonts/KaTeX_AMS-Regular.woff]
[dyno.gg/css/legal.26dd33b79d.css]
[dyno.gg/_assets/fonts/KaTeX_AMS-Regular.ttf]
[dyno.gg/_assets/fonts/KaTeX_Caligraphic-Bold.woff2]
[dyno.gg/_assets/fonts/KaTeX_Caligraphic-Bold.woff]
[dyno.gg/_assets/fonts/KaTeX_Caligraphic-Bold.ttf]
[dyno.gg/_assets/fonts/KaTeX_Caligraphic-Regular.woff2]
[dyno.gg/_assets/fonts/KaTeX_Caligraphic-Regular.woff]
[dyno.gg/_assets/fonts/KaTeX_Caligraphic-Regular.ttf]
[dyno.gg/_assets/fonts/KaTeX_Fraktur-Bold.woff2]
[dyno.gg/_assets/fonts/KaTeX_Fraktur-Bold.woff]
[dyno.gg/_assets/fonts/KaTeX_Fraktur-Bold.ttf]
[dyno.gg/_assets/fonts/KaTeX_Fraktur-Regular.woff2]
[dyno.gg/_assets/fonts/KaTeX_Fraktur-Regular.woff]
[dyno.gg/_assets/fonts/KaTeX_Fraktur-Regular.ttf]
[dyno.gg/_assets/fonts/KaTeX_Main-Bold.woff2]
[dyno.gg/_assets/fonts/KaTeX_Main-Bold.woff]
[dyno.gg/_assets/fonts/KaTeX_Main-Bold.ttf]
[dyno.gg/_assets/fonts/KaTeX_Main-BoldItalic.woff2]
[dyno.gg/_assets/fonts/KaTeX_Main-BoldItalic.woff]
[dyno.gg/_assets/fonts/KaTeX_Main-BoldItalic.ttf]
[dyno.gg/_assets/fonts/KaTeX_Main-Italic.woff2]
[dyno.gg/_assets/fonts/KaTeX_Main-Italic.woff]
[dyno.gg/_assets/fonts/KaTeX_Main-Italic.ttf]
[dyno.gg/_assets/fonts/KaTeX_Main-Regular.woff2]
[dyno.gg/_assets/fonts/KaTeX_Main-Regular.woff]
[dyno.gg/_assets/fonts/KaTeX_Main-Regular.ttf]
[dyno.gg/_assets/fonts/KaTeX_Math-BoldItalic.woff2]
[dyno.gg/_assets/fonts/KaTeX_Math-BoldItalic.woff]
[dyno.gg/_assets/fonts/KaTeX_Math-BoldItalic.ttf]
[dyno.gg/_assets/fonts/KaTeX_Math-Italic.woff2]
[dyno.gg/_assets/fonts/KaTeX_Math-Italic.woff]
[dyno.gg/_assets/fonts/KaTeX_Math-Italic.ttf]
[dyno.gg/_assets/fonts/KaTeX_SansSerif-Bold.woff2]
[dyno.gg/_assets/fonts/KaTeX_SansSerif-Bold.woff]
[dyno.gg/_assets/fonts/KaTeX_SansSerif-Bold.ttf]
[dyno.gg/_assets/fonts/KaTeX_SansSerif-Italic.woff2]
[dyno.gg/_assets/fonts/KaTeX_SansSerif-Italic.woff]
[dyno.gg/_assets/fonts/KaTeX_SansSerif-Italic.ttf]
[dyno.gg/_assets/fonts/KaTeX_SansSerif-Regular.woff2]
[dyno.gg/_assets/fonts/KaTeX_SansSerif-Regular.woff]
[dyno.gg/_assets/fonts/KaTeX_SansSerif-Regular.ttf]
[dyno.gg/_assets/fonts/KaTeX_Script-Regular.woff2]
[dyno.gg/_assets/fonts/KaTeX_Script-Regular.woff]
[dyno.gg/_assets/fonts/KaTeX_Script-Regular.ttf]
[dyno.gg/_assets/fonts/KaTeX_Size1-Regular.woff2]
[dyno.gg/_assets/fonts/KaTeX_Size1-Regular.woff]
[dyno.gg/_assets/fonts/KaTeX_Size1-Regular.ttf]
[dyno.gg/_assets/fonts/KaTeX_Size2-Regular.woff2]
[dyno.gg/_assets/fonts/KaTeX_Size2-Regular.woff]
[dyno.gg/_assets/fonts/KaTeX_Size2-Regular.ttf]
[dyno.gg/_assets/fonts/KaTeX_Size3-Regular.woff2]
[dyno.gg/_assets/fonts/KaTeX_Size3-Regular.woff]
[dyno.gg/_assets/fonts/KaTeX_Size3-Regular.ttf]
[dyno.gg/_assets/fonts/KaTeX_Size4-Regular.woff2]
[dyno.gg/_assets/fonts/KaTeX_Size4-Regular.woff]
[dyno.gg/_assets/fonts/KaTeX_Size4-Regular.ttf]
[dyno.gg/_assets/fonts/KaTeX_Typewriter-Regular.woff2]
[dyno.gg/_assets/fonts/KaTeX_Typewriter-Regular.woff]
[dyno.gg/_assets/fonts/KaTeX_Typewriter-Regular.ttf]
[dyno.gg/_assets/svg/motif-circuit.svg]
[dyno.gg/_assets/svg/motif-overlay.svg]
[dyno.gg/_assets/svg/motif-diagonals.svg]
[dyno.gg/_assets/css/app.657df69b59208bd55689.css]
[dyno.gg/invite.html]
[dyno.gg/_assets/svg/motif-blocks.svg]
[dyno.gg/docs/en/team.html]
[dyno.gg/docs/b_dynomanager.png]
[dyno.gg/docs/b_dynostaff.png]
[dyno.gg/en/team.html]
[dyno.gg/images/dash/switch-v5-off.svg]
[dyno.gg/css/upgrade.26dd33b79d.css]
[dyno.gg/images/dash/switch-v5-on.svg]
[dyno.gg/css/legal.26dd33b79d.css]
[dyno.gg/_assets/svg/motif-circuit.svg]
[dyno.gg/_assets/svg/motif-overlay.svg]
[dyno.gg/_assets/svg/motif-diagonals.svg]
[dyno.gg/_assets/svg/motif-blocks.svg]
[dyno.gg/docs/en/team.html]
[dyno.gg/images/dash/switch-v5-off.svg]
[dyno.gg/images/dash/switch-v5-on.svg]
